Archive member included because of file (symbol)

c:/program files (x86)/embitz/0.42/share/em_armgcc/bin/../lib/gcc/arm-none-eabi/4.8.4/../../../../arm-none-eabi/lib/armv7e-m/fpu\libg_n.a(lib_a-exit.o)
                              c:/program files (x86)/embitz/0.42/share/em_armgcc/bin/../lib/gcc/arm-none-eabi/4.8.4/../../../../arm-none-eabi/lib/armv7e-m/fpu/crt0.o (exit)
c:/program files (x86)/embitz/0.42/share/em_armgcc/bin/../lib/gcc/arm-none-eabi/4.8.4/../../../../arm-none-eabi/lib/armv7e-m/fpu\libg_n.a(lib_a-impure.o)
                              c:/program files (x86)/embitz/0.42/share/em_armgcc/bin/../lib/gcc/arm-none-eabi/4.8.4/../../../../arm-none-eabi/lib/armv7e-m/fpu\libg_n.a(lib_a-exit.o) (_global_impure_ptr)
c:/program files (x86)/embitz/0.42/share/em_armgcc/bin/../lib/gcc/arm-none-eabi/4.8.4/../../../../arm-none-eabi/lib/armv7e-m/fpu\libg_n.a(lib_a-init.o)
                              c:/program files (x86)/embitz/0.42/share/em_armgcc/bin/../lib/gcc/arm-none-eabi/4.8.4/../../../../arm-none-eabi/lib/armv7e-m/fpu/crt0.o (__libc_init_array)
c:/program files (x86)/embitz/0.42/share/em_armgcc/bin/../lib/gcc/arm-none-eabi/4.8.4/../../../../arm-none-eabi/lib/armv7e-m/fpu\libg_n.a(lib_a-memset.o)
                              c:/program files (x86)/embitz/0.42/share/em_armgcc/bin/../lib/gcc/arm-none-eabi/4.8.4/../../../../arm-none-eabi/lib/armv7e-m/fpu/crt0.o (memset)
c:/program files (x86)/embitz/0.42/share/em_armgcc/bin/../lib/gcc/arm-none-eabi/4.8.4/../../../../arm-none-eabi/lib/armv7e-m/fpu\libnosys_s.a(_exit.o)
                              c:/program files (x86)/embitz/0.42/share/em_armgcc/bin/../lib/gcc/arm-none-eabi/4.8.4/../../../../arm-none-eabi/lib/armv7e-m/fpu\libg_n.a(lib_a-exit.o) (_exit)

Discarded input sections

 .text          0x00000000        0x0 c:/program files (x86)/embitz/0.42/share/em_armgcc/bin/../lib/gcc/arm-none-eabi/4.8.4/armv7e-m/fpu/crti.o
 .data          0x00000000        0x0 c:/program files (x86)/embitz/0.42/share/em_armgcc/bin/../lib/gcc/arm-none-eabi/4.8.4/armv7e-m/fpu/crti.o
 .bss           0x00000000        0x0 c:/program files (x86)/embitz/0.42/share/em_armgcc/bin/../lib/gcc/arm-none-eabi/4.8.4/armv7e-m/fpu/crti.o
 .data          0x00000000        0x4 c:/program files (x86)/embitz/0.42/share/em_armgcc/bin/../lib/gcc/arm-none-eabi/4.8.4/armv7e-m/fpu/crtbegin.o
 .data          0x00000000        0x0 c:/program files (x86)/embitz/0.42/share/em_armgcc/bin/../lib/gcc/arm-none-eabi/4.8.4/../../../../arm-none-eabi/lib/armv7e-m/fpu/crt0.o
 .bss           0x00000000        0x0 c:/program files (x86)/embitz/0.42/share/em_armgcc/bin/../lib/gcc/arm-none-eabi/4.8.4/../../../../arm-none-eabi/lib/armv7e-m/fpu/crt0.o
 .ARM.extab     0x00000000        0x0 c:/program files (x86)/embitz/0.42/share/em_armgcc/bin/../lib/gcc/arm-none-eabi/4.8.4/../../../../arm-none-eabi/lib/armv7e-m/fpu/crt0.o
 .text          0x00000000        0x0 obj\release\spl\src\misc.o
 .data          0x00000000        0x0 obj\release\spl\src\misc.o
 .bss           0x00000000        0x0 obj\release\spl\src\misc.o
 .text.NVIC_PriorityGroupConfig
                0x00000000       0x14 obj\release\spl\src\misc.o
 .text.NVIC_Init
                0x00000000       0x78 obj\release\spl\src\misc.o
 .text.NVIC_SetVectorTable
                0x00000000       0x14 obj\release\spl\src\misc.o
 .text.NVIC_SystemLPConfig
                0x00000000       0x18 obj\release\spl\src\misc.o
 .text.SysTick_CLKSourceConfig
                0x00000000       0x18 obj\release\spl\src\misc.o
 .debug_info    0x00000000      0x547 obj\release\spl\src\misc.o
 .debug_abbrev  0x00000000      0x156 obj\release\spl\src\misc.o
 .debug_loc     0x00000000      0x15d obj\release\spl\src\misc.o
 .debug_aranges
                0x00000000       0x40 obj\release\spl\src\misc.o
 .debug_ranges  0x00000000       0x30 obj\release\spl\src\misc.o
 .debug_line    0x00000000      0x1a4 obj\release\spl\src\misc.o
 .debug_str     0x00000000      0x3e5 obj\release\spl\src\misc.o
 .comment       0x00000000       0x47 obj\release\spl\src\misc.o
 .ARM.attributes
                0x00000000       0x39 obj\release\spl\src\misc.o
 .debug_frame   0x00000000       0x6c obj\release\spl\src\misc.o
 .text          0x00000000        0x0 obj\release\spl\src\stm32f4xx_adc.o
 .data          0x00000000        0x0 obj\release\spl\src\stm32f4xx_adc.o
 .bss           0x00000000        0x0 obj\release\spl\src\stm32f4xx_adc.o
 .text.ADC_DeInit
                0x00000000       0x1c obj\release\spl\src\stm32f4xx_adc.o
 .text.ADC_Init
                0x00000000       0x4c obj\release\spl\src\stm32f4xx_adc.o
 .text.ADC_StructInit
                0x00000000       0x14 obj\release\spl\src\stm32f4xx_adc.o
 .text.ADC_CommonInit
                0x00000000       0x28 obj\release\spl\src\stm32f4xx_adc.o
 .text.ADC_CommonStructInit
                0x00000000        0xc obj\release\spl\src\stm32f4xx_adc.o
[...]
Memory Configuration

Name             Origin             Length             Attributes
ROM              0x08000000         0x00100000         xr
RAM              0x20000000         0x00020000         xrw
CCRAM            0x10000000         0x00010000         xrw
*default*        0x00000000         0xffffffff

Linker script and memory map

LOAD c:/program files (x86)/embitz/0.42/share/em_armgcc/bin/../lib/gcc/arm-none-eabi/4.8.4/armv7e-m/fpu/crti.o
LOAD c:/program files (x86)/embitz/0.42/share/em_armgcc/bin/../lib/gcc/arm-none-eabi/4.8.4/armv7e-m/fpu/crtbegin.o
LOAD c:/program files (x86)/embitz/0.42/share/em_armgcc/bin/../lib/gcc/arm-none-eabi/4.8.4/../../../../arm-none-eabi/lib/armv7e-m/fpu/crt0.o
                0x00000000                __HEAP_SIZE = 0x0
                0x00000100                __STACK_SIZE = 0x100

.text           0x08000000      0x980
 *(.isr_vector)
 .isr_vector    0x08000000      0x188 obj\release\src\startup_stm32f4xx.o
                0x08000000                __isr_vector
 *(.text*)
 .text          0x08000188       0x54 c:/program files (x86)/embitz/0.42/share/em_armgcc/bin/../lib/gcc/arm-none-eabi/4.8.4/armv7e-m/fpu/crtbegin.o
 .text          0x080001dc       0x74 c:/program files (x86)/embitz/0.42/share/em_armgcc/bin/../lib/gcc/arm-none-eabi/4.8.4/../../../../arm-none-eabi/lib/armv7e-m/fpu/crt0.o
                0x080001dc                _start
                0x080001dc                _mainCRTStartup
 .text.GPIO_Init
                0x08000250       0xb8 obj\release\spl\src\stm32f4xx_gpio.o
                0x08000250                GPIO_Init
 .text.GPIO_ReadInputDataBit
                0x08000308        0xc obj\release\spl\src\stm32f4xx_gpio.o
                0x08000308                GPIO_ReadInputDataBit
 .text.GPIO_SetBits
                0x08000314        0x4 obj\release\spl\src\stm32f4xx_gpio.o
                0x08000314                GPIO_SetBits
 .text.GPIO_ResetBits
                0x08000318        0x4 obj\release\spl\src\stm32f4xx_gpio.o
                0x08000318                GPIO_ResetBits
 .text.GPIO_PinAFConfig
                0x0800031c       0x28 obj\release\spl\src\stm32f4xx_gpio.o
                0x0800031c                GPIO_PinAFConfig
 .text.RCC_AHB1PeriphClockCmd
                0x08000344       0x18 obj\release\spl\src\stm32f4xx_rcc.o
                0x08000344                RCC_AHB1PeriphClockCmd
 .text.RCC_APB2PeriphClockCmd
                0x0800035c       0x18 obj\release\spl\src\stm32f4xx_rcc.o
                0x0800035c                RCC_APB2PeriphClockCmd
 .text.TIM_TimeBaseInit
                0x08000374       0xa4 obj\release\spl\src\stm32f4xx_tim.o
                0x08000374                TIM_TimeBaseInit
 .text.TIM_ARRPreloadConfig
                0x08000418       0x1c obj\release\spl\src\stm32f4xx_tim.o
                0x08000418                TIM_ARRPreloadConfig
 .text.TIM_Cmd  0x08000434       0x1c obj\release\spl\src\stm32f4xx_tim.o
                0x08000434                TIM_Cmd
 .text.TIM_OC3Init
                0x08000450       0x8c obj\release\spl\src\stm32f4xx_tim.o
                0x08000450                TIM_OC3Init
 .text.TIM_OCStructInit
                0x080004dc       0x14 obj\release\spl\src\stm32f4xx_tim.o
                0x080004dc                TIM_OCStructInit
 .text.TIM_OC3PreloadConfig
                0x080004f0       0x10 obj\release\spl\src\stm32f4xx_tim.o
                0x080004f0                TIM_OC3PreloadConfig
 .text.TIM_CtrlPWMOutputs
                0x08000500       0x20 obj\release\spl\src\stm32f4xx_tim.o
                0x08000500                TIM_CtrlPWMOutputs
 .text.Init_TIM1_PWM
                0x08000520       0x5c obj\release\src\main.o
                0x08000520                Init_TIM1_PWM
 .text.Init_TIM1
                0x0800057c       0x40 obj\release\src\main.o
                0x0800057c                Init_TIM1
 .text.Init_TIM1_GPIO
                0x080005bc       0x44 obj\release\src\main.o
                0x080005bc                Init_TIM1_GPIO
 .text.Init_Motor1_GPIO
                0x08000600       0x38 obj\release\src\main.o
                0x08000600                Init_Motor1_GPIO
 .text.Init     0x08000638       0x18 obj\release\src\main.o
                0x08000638                Init
 .text.startup.main
                0x08000650       0x7c obj\release\src\main.o
                0x08000650                main
 .text          0x080006cc      0x108 obj\release\src\startup_stm32f4xx.o
                0x080006cc                Reset_Handler
                0x08000712                NMI_Handler
                0x08000714                HardFault_Handler
                0x08000716                MemManage_Handler
                0x08000718                BusFault_Handler
                0x0800071a                UsageFault_Handler
                0x0800071c                SVC_Handler
                0x0800071e                DebugMon_Handler
                0x08000720                PendSV_Handler
                0x08000722                SysTick_Handler
                0x08000724                Default_Handler
                0x08000726                WWDG_IRQHandler
                0x08000728                PVD_IRQHandler
                0x0800072a                TAMP_STAMP_IRQHandler
                0x0800072c                RTC_WKUP_IRQHandler
                0x0800072e                FLASH_IRQHandler
                0x08000730                RCC_IRQHandler
                0x08000732                EXTI0_IRQHandler
                0x08000734                EXTI1_IRQHandler
                0x08000736                EXTI2_IRQHandler
                0x08000738                EXTI3_IRQHandler
                0x0800073a                EXTI4_IRQHandler
                0x0800073c                DMA1_Stream0_IRQHandler
                0x0800073e                DMA1_Stream1_IRQHandler
                0x08000740                DMA1_Stream2_IRQHandler
                0x08000742                DMA1_Stream3_IRQHandler
                0x08000744                DMA1_Stream4_IRQHandler
                0x08000746                DMA1_Stream5_IRQHandler
                0x08000748                DMA1_Stream6_IRQHandler
                0x0800074a                ADC_IRQHandler
                0x0800074c                CAN1_TX_IRQHandler
                0x0800074e                CAN1_RX0_IRQHandler
                0x08000750                CAN1_RX1_IRQHandler
                0x08000752                CAN1_SCE_IRQHandler
                0x08000754                EXTI9_5_IRQHandler
                0x08000756                TIM1_BRK_TIM9_IRQHandler
                0x08000758                TIM1_UP_TIM10_IRQHandler
                0x0800075a                TIM1_TRG_COM_TIM11_IRQHandler
                0x0800075c                TIM1_CC_IRQHandler
                0x0800075e                TIM2_IRQHandler
                0x08000760                TIM3_IRQHandler
                0x08000762                TIM4_IRQHandler
                0x08000764                I2C1_EV_IRQHandler
                0x08000766                I2C1_ER_IRQHandler
                0x08000768                I2C2_EV_IRQHandler
                0x0800076a                I2C2_ER_IRQHandler
                0x0800076c                SPI1_IRQHandler
                0x0800076e                SPI2_IRQHandler
                0x08000770                USART1_IRQHandler
                0x08000772                USART2_IRQHandler
                0x08000774                USART3_IRQHandler
                0x08000776                EXTI15_10_IRQHandler
                0x08000778                RTC_Alarm_IRQHandler
                0x0800077a                OTG_FS_WKUP_IRQHandler
                0x0800077c                TIM8_BRK_TIM12_IRQHandler
                0x0800077e                TIM8_UP_TIM13_IRQHandler
                0x08000780                TIM8_TRG_COM_TIM14_IRQHandler
                0x08000782                TIM8_CC_IRQHandler
                0x08000784                DMA1_Stream7_IRQHandler
                0x08000786                FSMC_IRQHandler
                0x08000788                SDIO_IRQHandler
                0x0800078a                TIM5_IRQHandler
                0x0800078c                SPI3_IRQHandler
                0x0800078e                UART4_IRQHandler
                0x08000790                UART5_IRQHandler
                0x08000792                TIM6_DAC_IRQHandler
                0x08000794                TIM7_IRQHandler
                0x08000796                DMA2_Stream0_IRQHandler
                0x08000798                DMA2_Stream1_IRQHandler
                0x0800079a                DMA2_Stream2_IRQHandler
                0x0800079c                DMA2_Stream3_IRQHandler
                0x0800079e                DMA2_Stream4_IRQHandler
                0x080007a0                ETH_IRQHandler
                0x080007a2                ETH_WKUP_IRQHandler
                0x080007a4                CAN2_TX_IRQHandler
                0x080007a6                CAN2_RX0_IRQHandler
                0x080007a8                CAN2_RX1_IRQHandler
                0x080007aa                CAN2_SCE_IRQHandler
                0x080007ac                OTG_FS_IRQHandler
                0x080007ae                DMA2_Stream5_IRQHandler
                0x080007b0                DMA2_Stream6_IRQHandler
                0x080007b2                DMA2_Stream7_IRQHandler
                0x080007b4                USART6_IRQHandler
                0x080007b6                I2C3_EV_IRQHandler
                0x080007b8                I2C3_ER_IRQHandler
                0x080007ba                OTG_HS_EP1_OUT_IRQHandler
                0x080007bc                OTG_HS_EP1_IN_IRQHandler
                0x080007be                OTG_HS_WKUP_IRQHandler
                0x080007c0                OTG_HS_IRQHandler
                0x080007c2                DCMI_IRQHandler
                0x080007c4                CRYP_IRQHandler
                0x080007c6                HASH_RNG_IRQHandler
                0x080007c8                FPU_IRQHandler
 .text.SystemInit
                0x080007d4      0x100 obj\release\src\system_stm32f4xx.o
                0x080007d4                SystemInit
 .text.exit     0x080008d4       0x28 c:/program files (x86)/embitz/0.42/share/em_armgcc/bin/../lib/gcc/arm-none-eabi/4.8.4/../../../../arm-none-eabi/lib/armv7e-m/fpu\libg_n.a(lib_a-exit.o)
                0x080008d4                exit
 .text.__libc_init_array
                0x080008fc       0x4c c:/program files (x86)/embitz/0.42/share/em_armgcc/bin/../lib/gcc/arm-none-eabi/4.8.4/../../../../arm-none-eabi/lib/armv7e-m/fpu\libg_n.a(lib_a-init.o)
                0x080008fc                __libc_init_array
 .text.memset   0x08000948       0x10 c:/program files (x86)/embitz/0.42/share/em_armgcc/bin/../lib/gcc/arm-none-eabi/4.8.4/../../../../arm-none-eabi/lib/armv7e-m/fpu\libg_n.a(lib_a-memset.o)
                0x08000948                memset
 .text          0x08000958        0x2 c:/program files (x86)/embitz/0.42/share/em_armgcc/bin/../lib/gcc/arm-none-eabi/4.8.4/../../../../arm-none-eabi/lib/armv7e-m/fpu\libnosys_s.a(_exit.o)
                0x08000958                _exit
 *(.init)
 *fill*         0x0800095a        0x2 
 .init          0x0800095c        0x4 c:/program files (x86)/embitz/0.42/share/em_armgcc/bin/../lib/gcc/arm-none-eabi/4.8.4/armv7e-m/fpu/crti.o
                0x0800095c                _init
 .init          0x08000960        0x8 c:/program files (x86)/embitz/0.42/share/em_armgcc/bin/../lib/gcc/arm-none-eabi/4.8.4/armv7e-m/fpu/crtn.o
 *(.fini)
 .fini          0x08000968        0x4 c:/program files (x86)/embitz/0.42/share/em_armgcc/bin/../lib/gcc/arm-none-eabi/4.8.4/armv7e-m/fpu/crti.o
                0x08000968                _fini
 .fini          0x0800096c        0x8 c:/program files (x86)/embitz/0.42/share/em_armgcc/bin/../lib/gcc/arm-none-eabi/4.8.4/armv7e-m/fpu/crtn.o
 *crtbegin.o(.ctors)
 *crtbegin?.o(.ctors)
 *(EXCLUDE_FILE(*crtend.o *crtend?.o) .ctors)
 *(SORT(.ctors.*))
 *(.ctors)
 *crtbegin.o(.dtors)
 *crtbegin?.o(.dtors)
 *(EXCLUDE_FILE(*crtend.o *crtend?.o) .dtors)
 *(SORT(.dtors.*))
 *(.dtors)
 *(.rodata*)
 .rodata.str1.1
                0x08000974        0x2 c:/program files (x86)/embitz/0.42/share/em_armgcc/bin/../lib/gcc/arm-none-eabi/4.8.4/../../../../arm-none-eabi/lib/armv7e-m/fpu\libg_n.a(lib_a-impure.o)
 *fill*         0x08000976        0x2 
 .rodata._global_impure_ptr
                0x08000978        0x4 c:/program files (x86)/embitz/0.42/share/em_armgcc/bin/../lib/gcc/arm-none-eabi/4.8.4/../../../../arm-none-eabi/lib/armv7e-m/fpu\libg_n.a(lib_a-impure.o)
                0x08000978                _global_impure_ptr
 *(.eh_frame*)
 .eh_frame      0x0800097c        0x0 c:/program files (x86)/embitz/0.42/share/em_armgcc/bin/../lib/gcc/arm-none-eabi/4.8.4/armv7e-m/fpu/crtbegin.o
 .eh_frame      0x0800097c        0x4 c:/program files (x86)/embitz/0.42/share/em_armgcc/bin/../lib/gcc/arm-none-eabi/4.8.4/armv7e-m/fpu/crtend.o

.glue_7         0x08000980        0x0
 .glue_7        0x00000000        0x0 linker stubs

.glue_7t        0x08000980        0x0
 .glue_7t       0x00000000        0x0 linker stubs

.vfp11_veneer   0x08000980        0x0
 .vfp11_veneer  0x00000000        0x0 linker stubs

.v4_bx          0x08000980        0x0
 .v4_bx         0x00000000        0x0 linker stubs

.iplt           0x08000980        0x0
 .iplt          0x00000000        0x0 c:/program files (x86)/embitz/0.42/share/em_armgcc/bin/../lib/gcc/arm-none-eabi/4.8.4/armv7e-m/fpu/crtbegin.o

.ARM.extab
 *(.ARM.extab* .gnu.linkonce.armextab.*)
                0x08000980                __exidx_start = .

.ARM.exidx      0x08000980        0x8
 *(.ARM.exidx* .gnu.linkonce.armexidx.*)
 .ARM.exidx     0x08000980        0x8 c:/program files (x86)/embitz/0.42/share/em_armgcc/bin/../lib/gcc/arm-none-eabi/4.8.4/../../../../arm-none-eabi/lib/armv7e-m/fpu/crt0.o
                0x08000988                __exidx_end = .
                0x08000988                __etext = .

.rel.dyn        0x08000988        0x0
 .rel.iplt      0x00000000        0x0 c:/program files (x86)/embitz/0.42/share/em_armgcc/bin/../lib/gcc/arm-none-eabi/4.8.4/armv7e-m/fpu/crtbegin.o

.data           0x20000000       0x68 load address 0x08000988
                0x20000000                __data_start__ = .
 *(vtable)
 *(.data*)
 .data.impure_data
                0x20000000       0x60 c:/program files (x86)/embitz/0.42/share/em_armgcc/bin/../lib/gcc/arm-none-eabi/4.8.4/../../../../arm-none-eabi/lib/armv7e-m/fpu\libg_n.a(lib_a-impure.o)
                0x20000060                . = ALIGN (0x4)
                0x20000060                PROVIDE (__preinit_array_start, .)
 *(.preinit_array)
                0x20000060                PROVIDE (__preinit_array_end, .)
                0x20000060                . = ALIGN (0x4)
                0x20000060                PROVIDE (__init_array_start, .)
 *(SORT(.init_array.*))
 *(.init_array)
 .init_array    0x20000060        0x4 c:/program files (x86)/embitz/0.42/share/em_armgcc/bin/../lib/gcc/arm-none-eabi/4.8.4/armv7e-m/fpu/crtbegin.o
                0x20000064                PROVIDE (__init_array_end, .)
                0x20000064                . = ALIGN (0x4)
                0x20000064                PROVIDE (__fini_array_start, .)
 *(SORT(.fini_array.*))
 *(.fini_array)
 .fini_array    0x20000064        0x4 c:/program files (x86)/embitz/0.42/share/em_armgcc/bin/../lib/gcc/arm-none-eabi/4.8.4/armv7e-m/fpu/crtbegin.o
                0x20000068                PROVIDE (__fini_array_end, .)
                0x20000068                . = ALIGN (0x4)
                0x20000068                __data_end__ = .

.jcr            0x20000068        0x0 load address 0x080009f0
 .jcr           0x20000068        0x0 c:/program files (x86)/embitz/0.42/share/em_armgcc/bin/../lib/gcc/arm-none-eabi/4.8.4/armv7e-m/fpu/crtbegin.o

.igot.plt       0x20000068        0x0 load address 0x080009f0
 .igot.plt      0x00000000        0x0 c:/program files (x86)/embitz/0.42/share/em_armgcc/bin/../lib/gcc/arm-none-eabi/4.8.4/armv7e-m/fpu/crtbegin.o

.bss            0x20000068       0x1c load address 0x080009f0
                0x20000068                __bss_start__ = .
 *(.bss*)
 .bss           0x20000068       0x1c c:/program files (x86)/embitz/0.42/share/em_armgcc/bin/../lib/gcc/arm-none-eabi/4.8.4/armv7e-m/fpu/crtbegin.o
 *(COMMON)
                0x20000084                __bss_end__ = .

.heap           0x20000088        0x0
                0x20000088                __end__ = .
                0x20000088                end = __end__
 *(.heap*)
 .heap          0x20000088        0x0 obj\release\src\startup_stm32f4xx.o
                0x20000088                __HeapLimit = .

.stack_dummy    0x20000088      0x100
 *(.stack)
 .stack         0x20000088      0x100 obj\release\src\startup_stm32f4xx.o
                0x20020000                __StackTop = (ORIGIN (RAM) + 0x20000)
                0x2001ff00                __StackLimit = (__StackTop - SIZEOF (.stack_dummy))
                0x20020000                PROVIDE (__stack, __StackTop)
                0x00000001                ASSERT ((__StackLimit >= __HeapLimit), region RAM overflowed with stack)
LOAD obj\release\spl\src\misc.o
LOAD obj\release\spl\src\stm32f4xx_adc.o
LOAD obj\release\spl\src\stm32f4xx_can.o
LOAD obj\release\spl\src\stm32f4xx_crc.o
LOAD obj\release\spl\src\stm32f4xx_cryp.o
LOAD obj\release\spl\src\stm32f4xx_cryp_aes.o
LOAD obj\release\spl\src\stm32f4xx_cryp_des.o
LOAD obj\release\spl\src\stm32f4xx_cryp_tdes.o
LOAD obj\release\spl\src\stm32f4xx_dac.o
LOAD obj\release\spl\src\stm32f4xx_dbgmcu.o
LOAD obj\release\spl\src\stm32f4xx_dcmi.o
LOAD obj\release\spl\src\stm32f4xx_dma.o
LOAD obj\release\spl\src\stm32f4xx_exti.o
LOAD obj\release\spl\src\stm32f4xx_flash.o
LOAD obj\release\spl\src\stm32f4xx_fsmc.o
LOAD obj\release\spl\src\stm32f4xx_gpio.o
LOAD obj\release\spl\src\stm32f4xx_hash.o
LOAD obj\release\spl\src\stm32f4xx_hash_md5.o
LOAD obj\release\spl\src\stm32f4xx_hash_sha1.o
LOAD obj\release\spl\src\stm32f4xx_i2c.o
LOAD obj\release\spl\src\stm32f4xx_iwdg.o
LOAD obj\release\spl\src\stm32f4xx_pwr.o
LOAD obj\release\spl\src\stm32f4xx_rcc.o
LOAD obj\release\spl\src\stm32f4xx_rng.o
LOAD obj\release\spl\src\stm32f4xx_rtc.o
LOAD obj\release\spl\src\stm32f4xx_sdio.o
LOAD obj\release\spl\src\stm32f4xx_spi.o
LOAD obj\release\spl\src\stm32f4xx_syscfg.o
LOAD obj\release\spl\src\stm32f4xx_tim.o
LOAD obj\release\spl\src\stm32f4xx_usart.o
LOAD obj\release\spl\src\stm32f4xx_wwdg.o
LOAD obj\release\src\main.o
LOAD obj\release\src\startup_stm32f4xx.o
LOAD obj\release\src\system_stm32f4xx.o
START GROUP
LOAD c:/program files (x86)/embitz/0.42/share/em_armgcc/bin/../lib/gcc/arm-none-eabi/4.8.4/armv7e-m/fpu\libgcc.a
LOAD c:/program files (x86)/embitz/0.42/share/em_armgcc/bin/../lib/gcc/arm-none-eabi/4.8.4/../../../../arm-none-eabi/lib/armv7e-m/fpu\libg_n.a
LOAD c:/program files (x86)/embitz/0.42/share/em_armgcc/bin/../lib/gcc/arm-none-eabi/4.8.4/../../../../arm-none-eabi/lib/armv7e-m/fpu\libc_n.a
END GROUP
START GROUP
LOAD c:/program files (x86)/embitz/0.42/share/em_armgcc/bin/../lib/gcc/arm-none-eabi/4.8.4/armv7e-m/fpu\libgcc.a
LOAD c:/program files (x86)/embitz/0.42/share/em_armgcc/bin/../lib/gcc/arm-none-eabi/4.8.4/../../../../arm-none-eabi/lib/armv7e-m/fpu\libc_n.a
LOAD c:/program files (x86)/embitz/0.42/share/em_armgcc/bin/../lib/gcc/arm-none-eabi/4.8.4/../../../../arm-none-eabi/lib/armv7e-m/fpu\libnosys_s.a
END GROUP
LOAD c:/program files (x86)/embitz/0.42/share/em_armgcc/bin/../lib/gcc/arm-none-eabi/4.8.4/armv7e-m/fpu/crtend.o
LOAD c:/program files (x86)/embitz/0.42/share/em_armgcc/bin/../lib/gcc/arm-none-eabi/4.8.4/armv7e-m/fpu/crtn.o
OUTPUT(bin\Release\roboticarmcode.elf elf32-littlearm)

.ARM.attributes
                0x00000000       0x30
 .ARM.attributes
                0x00000000       0x22 c:/program files (x86)/embitz/0.42/share/em_armgcc/bin/../lib/gcc/arm-none-eabi/4.8.4/armv7e-m/fpu/crti.o
 .ARM.attributes
                0x00000022       0x34 c:/program files (x86)/embitz/0.42/share/em_armgcc/bin/../lib/gcc/arm-none-eabi/4.8.4/armv7e-m/fpu/crtbegin.o
 .ARM.attributes
                0x00000056       0x20 c:/program files (x86)/embitz/0.42/share/em_armgcc/bin/../lib/gcc/arm-none-eabi/4.8.4/../../../../arm-none-eabi/lib/armv7e-m/fpu/crt0.o
 .ARM.attributes
                0x00000076       0x39 obj\release\spl\src\stm32f4xx_gpio.o
 .ARM.attributes
                0x000000af       0x39 obj\release\spl\src\stm32f4xx_rcc.o
 .ARM.attributes
                0x000000e8       0x39 obj\release\spl\src\stm32f4xx_tim.o
 .ARM.attributes
                0x00000121       0x39 obj\release\src\main.o
 .ARM.attributes
                0x0000015a       0x1f obj\release\src\startup_stm32f4xx.o
 .ARM.attributes
                0x00000179       0x39 obj\release\src\system_stm32f4xx.o
 .ARM.attributes
                0x000001b2       0x34 c:/program files (x86)/embitz/0.42/share/em_armgcc/bin/../lib/gcc/arm-none-eabi/4.8.4/../../../../arm-none-eabi/lib/armv7e-m/fpu\libg_n.a(lib_a-exit.o)
 .ARM.attributes
                0x000001e6       0x34 c:/program files (x86)/embitz/0.42/share/em_armgcc/bin/../lib/gcc/arm-none-eabi/4.8.4/../../../../arm-none-eabi/lib/armv7e-m/fpu\libg_n.a(lib_a-impure.o)
 .ARM.attributes
                0x0000021a       0x34 c:/program files (x86)/embitz/0.42/share/em_armgcc/bin/../lib/gcc/arm-none-eabi/4.8.4/../../../../arm-none-eabi/lib/armv7e-m/fpu\libg_n.a(lib_a-init.o)
 .ARM.attributes
                0x0000024e       0x34 c:/program files (x86)/embitz/0.42/share/em_armgcc/bin/../lib/gcc/arm-none-eabi/4.8.4/../../../../arm-none-eabi/lib/armv7e-m/fpu\libg_n.a(lib_a-memset.o)
 .ARM.attributes
                0x00000282       0x34 c:/program files (x86)/embitz/0.42/share/em_armgcc/bin/../lib/gcc/arm-none-eabi/4.8.4/../../../../arm-none-eabi/lib/armv7e-m/fpu\libnosys_s.a(_exit.o)
 .ARM.attributes
                0x000002b6       0x34 c:/program files (x86)/embitz/0.42/share/em_armgcc/bin/../lib/gcc/arm-none-eabi/4.8.4/armv7e-m/fpu/crtend.o
 .ARM.attributes
                0x000002ea       0x22 c:/program files (x86)/embitz/0.42/share/em_armgcc/bin/../lib/gcc/arm-none-eabi/4.8.4/armv7e-m/fpu/crtn.o

.comment        0x00000000       0x46
 .comment       0x00000000       0x46 obj\release\spl\src\stm32f4xx_gpio.o
                                 0x47 (size before relaxing)
 .comment       0x00000000       0x47 obj\release\spl\src\stm32f4xx_rcc.o
 .comment       0x00000000       0x47 obj\release\spl\src\stm32f4xx_tim.o
 .comment       0x00000000       0x47 obj\release\src\main.o
 .comment       0x00000000       0x47 obj\release\src\system_stm32f4xx.o

.debug_info     0x00000000     0x4970
 .debug_info    0x00000000      0x7da obj\release\spl\src\stm32f4xx_gpio.o
 .debug_info    0x000007da      0xd02 obj\release\spl\src\stm32f4xx_rcc.o
 .debug_info    0x000014dc     0x24cf obj\release\spl\src\stm32f4xx_tim.o
 .debug_info    0x000039ab      0x9a7 obj\release\src\main.o
 .debug_info    0x00004352       0x67 obj\release\src\startup_stm32f4xx.o
 .debug_info    0x000043b9      0x5b7 obj\release\src\system_stm32f4xx.o

.debug_abbrev   0x00000000      0xa3f
 .debug_abbrev  0x00000000      0x1f8 obj\release\spl\src\stm32f4xx_gpio.o
 .debug_abbrev  0x000001f8      0x280 obj\release\spl\src\stm32f4xx_rcc.o
 .debug_abbrev  0x00000478      0x299 obj\release\spl\src\stm32f4xx_tim.o
 .debug_abbrev  0x00000711      0x1bb obj\release\src\main.o
 .debug_abbrev  0x000008cc       0x14 obj\release\src\startup_stm32f4xx.o
 .debug_abbrev  0x000008e0      0x15f obj\release\src\system_stm32f4xx.o

.debug_loc      0x00000000     0x2eaf
 .debug_loc     0x00000000      0x34d obj\release\spl\src\stm32f4xx_gpio.o
 .debug_loc     0x0000034d      0xb63 obj\release\spl\src\stm32f4xx_rcc.o
 .debug_loc     0x00000eb0     0x1ebb obj\release\spl\src\stm32f4xx_tim.o
 .debug_loc     0x00002d6b      0x144 obj\release\src\system_stm32f4xx.o

.debug_aranges  0x00000000      0x568
 .debug_aranges
                0x00000000       0x88 obj\release\spl\src\stm32f4xx_gpio.o
 .debug_aranges
                0x00000088      0x178 obj\release\spl\src\stm32f4xx_rcc.o
 .debug_aranges
                0x00000200      0x2d8 obj\release\spl\src\stm32f4xx_tim.o
 .debug_aranges
                0x000004d8       0x48 obj\release\src\main.o
 .debug_aranges
                0x00000520       0x20 obj\release\src\startup_stm32f4xx.o
 .debug_aranges
                0x00000540       0x28 obj\release\src\system_stm32f4xx.o

.debug_ranges   0x00000000      0x6c0
 .debug_ranges  0x00000000       0x78 obj\release\spl\src\stm32f4xx_gpio.o
 .debug_ranges  0x00000078      0x180 obj\release\spl\src\stm32f4xx_rcc.o
 .debug_ranges  0x000001f8      0x460 obj\release\spl\src\stm32f4xx_tim.o
 .debug_ranges  0x00000658       0x38 obj\release\src\main.o
 .debug_ranges  0x00000690       0x30 obj\release\src\system_stm32f4xx.o

.debug_line     0x00000000     0x184c
 .debug_line    0x00000000      0x2d5 obj\release\spl\src\stm32f4xx_gpio.o
 .debug_line    0x000002d5      0x4f1 obj\release\spl\src\stm32f4xx_rcc.o
 .debug_line    0x000007c6      0xbf9 obj\release\spl\src\stm32f4xx_tim.o
 .debug_line    0x000013bf      0x228 obj\release\src\main.o
 .debug_line    0x000015e7       0xcc obj\release\src\startup_stm32f4xx.o
 .debug_line    0x000016b3      0x199 obj\release\src\system_stm32f4xx.o

.debug_str      0x00000000     0x1773
 .debug_str     0x00000000      0x48b obj\release\spl\src\stm32f4xx_gpio.o
                                0x4e1 (size before relaxing)
 .debug_str     0x0000048b      0x643 obj\release\spl\src\stm32f4xx_rcc.o
                                0x867 (size before relaxing)
 .debug_str     0x00000ace      0xb58 obj\release\spl\src\stm32f4xx_tim.o
                                0xe15 (size before relaxing)
 .debug_str     0x00001626       0x64 obj\release\src\main.o
                                0x686 (size before relaxing)
 .debug_str     0x0000168a       0xe9 obj\release\src\system_stm32f4xx.o
                                0x3c3 (size before relaxing)

.debug_frame    0x00000000      0xbb0
 .debug_frame   0x00000000      0x114 obj\release\spl\src\stm32f4xx_gpio.o
 .debug_frame   0x00000114      0x2e4 obj\release\spl\src\stm32f4xx_rcc.o
 .debug_frame   0x000003f8      0x638 obj\release\spl\src\stm32f4xx_tim.o
 .debug_frame   0x00000a30       0xb8 obj\release\src\main.o
 .debug_frame   0x00000ae8       0x34 obj\release\src\system_stm32f4xx.o
 .debug_frame   0x00000b1c       0x28 c:/program files (x86)/embitz/0.42/share/em_armgcc/bin/../lib/gcc/arm-none-eabi/4.8.4/../../../../arm-none-eabi/lib/armv7e-m/fpu\libg_n.a(lib_a-exit.o)
 .debug_frame   0x00000b44       0x2c c:/program files (x86)/embitz/0.42/share/em_armgcc/bin/../lib/gcc/arm-none-eabi/4.8.4/../../../../arm-none-eabi/lib/armv7e-m/fpu\libg_n.a(lib_a-init.o)
 .debug_frame   0x00000b70       0x20 c:/program files (x86)/embitz/0.42/share/em_armgcc/bin/../lib/gcc/arm-none-eabi/4.8.4/../../../../arm-none-eabi/lib/armv7e-m/fpu\libg_n.a(lib_a-memset.o)
 .debug_frame   0x00000b90       0x20 c:/program files (x86)/embitz/0.42/share/em_armgcc/bin/../lib/gcc/arm-none-eabi/4.8.4/../../../../arm-none-eabi/lib/armv7e-m/fpu\libnosys_s.a(_exit.o)
